0	;this is a comment			
0	COPY    START 0			
3	FIRST   MOV   RETADR,%RL ; save Return Address			32FFD
6	        MOV   %RB,#LENGTH			6B2031
	        BASE  LENGTH
A	CLOOP   +JSUB RDREC			4B10103A
E	        MOV   %RA,LENGTH			32000
11	        COMP  #0			290000
14	        JEQ   ENDFIL			332007
17	        +JSUB WRREC			4B101061
1B	        J     CLOOP			3F2FEC
1E	ENDFIL  MOV   %RA,EOF			32000
21	        MOV   BUFFER,%RA			F2016
24	        MOV   %RA,#3			32003
27	        MOV   LENGTH,%RA			F200D
2A	        +JSUB WRREC			4B101061
2E	        J     @RETADR   ; Return back to the caller			3F2000
31	EOF     BYTE  C'EOF'			454F46
34	RETADR  RESW  1			
37	LENGTH  RESW  1			
3A	BUFFER  RESB  4096			
103A	RDREC   CLEAR %RX			B41
103C	        CLEAR %RA			B40
103E	        CLEAR %RS			B44
1040	        +MOV  %RT,#4096			77101000
1044	RLOOP   TD    INPUT			E32019
1047	        JEQ   RLOOP			332FFA
104A	        RD    INPUT			DB2013
104D	        COMPR %RA,%RS			A004
104F	        JEQ   EXIT			332008
1052	        STCH  BUFFER[%RX]			57C003
1055	        TIXR  %RT			B85
1057	        JLT   RLOOP			3B2FEA
105A	EXIT    MOV   LENGTH,%RX			874000
105D	        RSUB			4F0000
1060	INPUT   BYTE  X'F3'			F3
1061	WRREC   CLEAR %RX			B41
1063	        MOV   %RT,LENGTH			772000
1066	WLOOP   TD    OUTPUT			E32011
1069	        JEQ   WLOOP			332FFA
106C	        LDCH  BUFFER[%RX]			53C003
106F	        WD    OUTPUT			DF2008
1072	        TIXR  %RT			B85
1074	        JLT   WLOOP			3B2FEF
1077	        RSUB			4F0000
107A	OUTPUT  BYTE  X'05'			05
	        END   FIRST
