1	0	;this is a comment			
2	0	COPY    START 0			
3	0	FIRST   MOV   RETADR,%RL ; save Return Address			32FFD
4	3	        MOV   %RB,#LENGTH			6B2030
5		        BASE  LENGTH
6	6	CLOOP   +JSUB RDREC			4B101036
7	A	        MOV   %RA,LENGTH			32000
8	D	        COMP  #0			290000
9	10	        JEQ   ENDFIL			332007
10	13	        +JSUB WRREC			4B10105D
11	17	        J     CLOOP			3F2FEC
12	1A	ENDFIL  MOV   %RA,EOF			32000
13	1D	        MOV   BUFFER,%RA			F2016
14	20	        MOV   %RA,#3			32003
15	23	        MOV   LENGTH,%RA			F200D
16	26	        +JSUB WRREC			4B10105D
17	2A	        J     @RETADR   ; Return back to the caller			3F2000
18	2D	EOF     BYTE  C'EOF'			454F46
19	30	RETADR  RESW  1			
20	33	LENGTH  RESW  1			
21	36	BUFFER  RESB  4096			
22	1036	RDREC   CLEAR %RX			B41
23	1038	        CLEAR %RA			B40
24	103A	        CLEAR %RS			B44
25	103C	        +MOV  %RT,#4096			77101000
26	1040	RLOOP   TD    INPUT			E32019
27	1043	        JEQ   RLOOP			332FFA
28	1046	        RD    INPUT			DB2013
29	1049	        COMPR %RA,%RS			A004
30	104B	        JEQ   EXIT			332008
31	104E	        STCH  BUFFER[%RX]			57C003
32	1051	        TIXR  %RT			B85
33	1053	        JLT   RLOOP			3B2FEA
34	1056	EXIT    MOV   LENGTH,%RX			874000
35	1059	        RSUB			4F0000
36	105C	INPUT   BYTE  X'F3'			F3
37	105D	WRREC   CLEAR %RX			B41
38	105F	        MOV   %RT,LENGTH			772000
39	1062	WLOOP   TD    OUTPUT			E32011
40	1065	        JEQ   WLOOP			332FFA
41	1068	        LDCH  BUFFER[%RX]			53C003
42	106B	        WD    OUTPUT			DF2008
43	106E	        TIXR  %RT			B85
44	1070	        JLT   WLOOP			3B2FEF
45	1073	        RSUB			4F0000
46	1076	OUTPUT  BYTE  X'05'			05
47		        END   FIRST
